2025-03-24 17:24:11,322 INFO o.s.b.StartupInfoLogger [main] Starting OpenapiGeneratorDemoApplication using Java 21.0.5 with PID 32992 (C:\Users\Bohdant\Downloads\openapi-generator-demo\target\classes started by BohdanT in C:\Users\Bohdant\Downloads\openapi-generator-demo)
2025-03-24 17:24:11,324 DEBUG o.s.b.StartupInfoLogger [main] Running with Spring Boot v3.4.4, Spring v6.2.5
2025-03-24 17:24:11,324 INFO o.s.b.SpringApplication [main] No active profile set, falling back to 1 default profile: "default"
2025-03-24 17:24:11,863 INFO o.s.b.w.e.t.TomcatWebServer [main] Tomcat initialized with port 8080 (http)
2025-03-24 17:24:11,872 INFO o.a.j.l.DirectJDKLog [main] Initializing ProtocolHandler ["http-nio-8080"]
2025-03-24 17:24:11,874 INFO o.a.j.l.DirectJDKLog [main] Starting service [Tomcat]
2025-03-24 17:24:11,874 INFO o.a.j.l.DirectJDKLog [main] Starting Servlet engine: [Apache Tomcat/10.1.39]
2025-03-24 17:24:11,903 INFO o.a.j.l.DirectJDKLog [main] Initializing Spring embedded WebApplicationContext
2025-03-24 17:24:11,903 INFO o.s.b.w.s.c.ServletWebServerApplicationContext [main] Root WebApplicationContext: initialization completed in 550 ms
2025-03-24 17:24:11,933 INFO c.o.o.c.WebshopOrderController [main] WebshopOrderController initialized with 3 sample orders
2025-03-24 17:24:12,108 INFO o.a.j.l.DirectJDKLog [main] Starting ProtocolHandler ["http-nio-8080"]
2025-03-24 17:24:12,120 INFO o.s.b.w.e.t.TomcatWebServer [main] Tomcat started on port 8080 (http) with context path '/'
2025-03-24 17:24:12,125 INFO o.s.b.StartupInfoLogger [main] Started OpenapiGeneratorDemoApplication in 1.171 seconds (process running for 1.575)
2025-03-24 17:24:12,127 INFO c.o.o.OpenapiGeneratorDemoApplication [main] OpenAPI Generator Demo Application started successfully
2025-03-24 17:24:18,645 INFO o.a.j.l.DirectJDKLog [http-nio-8080-exec-1] Initializing Spring DispatcherServlet 'dispatcherServlet'
2025-03-24 17:24:18,645 INFO o.s.w.s.FrameworkServlet [http-nio-8080-exec-1] Initializing Servlet 'dispatcherServlet'
2025-03-24 17:24:18,646 INFO o.s.w.s.FrameworkServlet [http-nio-8080-exec-1] Completed initialization in 1 ms
2025-03-24 17:24:18,663 INFO c.o.o.c.WebshopOrderController [http-nio-8080-exec-1] Retrieving all orders. Found 3 orders
2025-03-24 17:27:13,793 INFO o.s.b.w.e.t.GracefulShutdown [SpringApplicationShutdownHook] Commencing graceful shutdown. Waiting for active requests to complete
2025-03-24 17:27:13,801 INFO o.s.b.w.e.t.GracefulShutdown [tomcat-shutdown] Graceful shutdown complete
2025-03-24 17:27:32,915 INFO o.s.b.StartupInfoLogger [main] Starting OpenapiGeneratorDemoApplication using Java 21.0.5 with PID 29268 (C:\Users\Bohdant\Downloads\openapi-generator-demo\target\classes started by BohdanT in C:\Users\Bohdant\Downloads\openapi-generator-demo)
2025-03-24 17:27:32,919 DEBUG o.s.b.StartupInfoLogger [main] Running with Spring Boot v3.4.4, Spring v6.2.5
2025-03-24 17:27:32,920 INFO o.s.b.SpringApplication [main] No active profile set, falling back to 1 default profile: "default"
2025-03-24 17:27:34,098 INFO o.s.b.w.e.t.TomcatWebServer [main] Tomcat initialized with port 8080 (http)
2025-03-24 17:27:34,109 INFO o.a.j.l.DirectJDKLog [main] Initializing ProtocolHandler ["http-nio-8080"]
2025-03-24 17:27:34,111 INFO o.a.j.l.DirectJDKLog [main] Starting service [Tomcat]
2025-03-24 17:27:34,112 INFO o.a.j.l.DirectJDKLog [main] Starting Servlet engine: [Apache Tomcat/10.1.39]
2025-03-24 17:27:34,153 INFO o.a.j.l.DirectJDKLog [main] Initializing Spring embedded WebApplicationContext
2025-03-24 17:27:34,153 INFO o.s.b.w.s.c.ServletWebServerApplicationContext [main] Root WebApplicationContext: initialization completed in 1144 ms
2025-03-24 17:27:34,197 INFO c.o.o.c.WebshopOrderController [main] WebshopOrderController initialized with 3 sample orders
2025-03-24 17:27:34,301 INFO o.s.v.b.OptionalValidatorFactoryBean [main] Failed to set up a Bean Validation provider: jakarta.validation.NoProviderFoundException: Unable to create a Configuration, because no Jakarta Bean Validation provider could be found. Add a provider like Hibernate Validator (RI) to your classpath.
2025-03-24 17:27:34,509 INFO o.a.j.l.DirectJDKLog [main] Starting ProtocolHandler ["http-nio-8080"]
2025-03-24 17:27:34,522 INFO o.s.b.w.e.t.TomcatWebServer [main] Tomcat started on port 8080 (http) with context path '/'
2025-03-24 17:27:34,528 INFO o.s.b.StartupInfoLogger [main] Started OpenapiGeneratorDemoApplication in 2.455 seconds (process running for 2.99)
2025-03-24 17:27:34,530 INFO c.o.o.OpenapiGeneratorDemoApplication [main] OpenAPI Generator Demo Application started successfully
2025-03-24 17:27:42,402 INFO o.a.j.l.DirectJDKLog [http-nio-8080-exec-1] Initializing Spring DispatcherServlet 'dispatcherServlet'
2025-03-24 17:27:42,402 INFO o.s.w.s.FrameworkServlet [http-nio-8080-exec-1] Initializing Servlet 'dispatcherServlet'
2025-03-24 17:27:42,403 INFO o.s.w.s.FrameworkServlet [http-nio-8080-exec-1] Completed initialization in 1 ms
2025-03-24 17:27:51,545 INFO c.o.o.c.WebshopOrderController [http-nio-8080-exec-3] Retrieving all orders. Found 3 orders
2025-03-24 17:28:13,661 INFO o.s.a.AbstractOpenApiResource [http-nio-8080-exec-2] Init duration for springdoc-openapi is: 178 ms
2025-03-24 17:28:28,756 INFO c.o.o.c.WebshopOrderController [http-nio-8080-exec-4] Retrieving all orders. Found 3 orders
2025-03-24 17:28:46,849 INFO o.s.b.w.e.t.GracefulShutdown [SpringApplicationShutdownHook] Commencing graceful shutdown. Waiting for active requests to complete
2025-03-24 17:28:46,856 INFO o.s.b.w.e.t.GracefulShutdown [tomcat-shutdown] Graceful shutdown complete
